---
source: crates/mineral-tui/src/components/overlay/queue.rs
description: "队列浮层:弹出动画 scale=510 双轴 1/8 平滑"
expression: t.backend()
---
"                                                                                "
"                                                                                "
"                                                                                "
"                                                                                "
"                                                                                "
"                                                                                "
"                                                                                "
"                                                                                "
"                           ▉████████████████████████▎                           "
"                           ▉████████████████████████▎                           "
"                           ▉████████████████████████▎                           "
"                           ▉████████████████████████▎                           "
"                           ▉████████████████████████▎                           "
"                           ▉████████████████████████▎                           "
"                           ▉████████████████████████▎                           "
"                           ▉████████████████████████▎                           "
"                           ▇▇▇▇▇▇▇▇▇▇▇▇▇▇▇▇▇▇▇▇▇▇▇▇▇▇                           "
"                                                                                "
"                                                                                "
"                                                                                "
"                                                                                "
"                                                                                "
"                                                                                "
"                                                                                "
