---
source: crates/mineral-tui/src/components/overlay/queue.rs
description: "队列浮层:空队列"
expression: t.backend()
---
"                                                            "
"                                                            "
"                                                            "
"          ╭ queue ───────────────────────────────╮          "
"          │#   title      artist           len   │          "
"          │                                      │          "
"          │                                      │          "
"          │                                      │          "
"          │                                      │          "
"          │                                      │          "
"          │                                      │          "
"          │                                      │          "
"          │                                      │          "
"          │                                      │          "
"          │                                      │          "
"          │                                      │          "
"          ╰ 0 / 0 ─── ↵ play  ·  Tab/q/esc close ╯          "
"                                                            "
"                                                            "
"                                                            "
