---
source: crates/mineral-server/src/config.rs
description: "ServerConfig(default.lua → daemon 切片映射,行为不变守卫)"
expression: "ServerConfig::from_config(&cfg)"
---
ServerConfig {
    engine: EngineParams {
        initial_volume: 100,
        tick_ms: 20,
        prefetch_bytes: 262144,
        tap_capacity: 8192,
    },
    playback_quality: Exhigh,
    audio_cache_capacity: 10737418240,
    channel_workers_per: 8,
    download: DownloadConfig {
        quality: Lossless,
        dir: None,
    },
    daemon: DaemonConfig {
        gapless_prefetch_ms: 10000,
        prev_restart_threshold_ms: 3000,
        player_tick_ms: 20,
        session_save_secs: 15,
        heartbeat_secs: 180,
        report_interval_ms: 200,
        seek_threshold_ms: 1000,
        download_speed_tick_ms: 150,
        channel_workers_per: 8,
    },
}
