---
source: crates/mineral-tui/src/components/popup/help.rs
description: "cheatsheet 浮层:宽终端多列瀑布(label 左 · 点线 · chip 键帽右)"
expression: t.backend()
---
"                                                                                                                                  "
"                                                                                                                                  "
"                                                                                                                                  "
"                                                                                                                                  "
"                                                                                                                                  "
"                                                                                                                                  "
"             ╭ Key Cheatsheet ──────────────────────────────────────────────────────────────────────────────────────╮             "
"             │ Playback ───────────────────────  Navigate ───────────────────────  View ─────────────────────────── │             "
"             │ Play / Pause ···········  Space   Move down / up ······  j   k  +2  Fullscreen ·················  z  │             "
"             │ Next / Previous ········  n   p   Jump 7 rows ············  J   K   Search view ················  s  │             "
"             │ Cycle play mode ············  m   First / last ···········  g   G   Queue ····················  Tab  │             "
"             │ Volume ±5 ···········  +   -  +2  Activate ··············  l   CR   Search input ···············  /  │             "
"             │ Seek ±5s ···············  ←   →   Back ··············  h   Esc  +2  Lyric language ·············  t  │             "
"             │ Seek ±30s ··········  S-←   S-→   Drill into ···············  C-l   Quit ·······················  q  │             "
"             │                                   Cycle section ··········  [   ]   This help ··················  ?  │             "
"             │                                                                                                      │             "
"             │                                   Actions ────────────────────────  Scroll ───────────────────────── │             "
"             │                                   Love ·······················  f   Line scroll ········  C-d   C-u  │             "
"             │                                   Download ···················  d   Page scroll ········  C-f   C-b  │             "
"             │                                   Actions menu ···············  o                                    │             "
"             │                                   Copy menu ··················  y                                    │             "
"             │                                   Dismiss notice ·············  x                                    │             "
"             │                                                                                                      │             "
"             │                                                                                                      │             "
"             │                                                                                                      │             "
"             ╰───────────────────────────────────────────────────────────────────────────────────────────── ? close ╯             "
"                                                                                                                                  "
"                                                                                                                                  "
"                                                                                                                                  "
"                                                                                                                                  "
"                                                                                                                                  "
"                                                                                                                                  "
