---
source: crates/mineral-tui/src/components/popup/help.rs
description: "cheatsheet 浮层:宽终端多列瀑布(label 左 · 点线 · chip 键帽右)"
expression: t.backend()
---
"                                                                                                                                  "
"                                                                                                                                  "
"                                                                                                                                  "
"                                                                                                                                  "
"                                                                                                                                  "
"                                                                                                                                  "
"             ╭ Key Cheatsheet ──────────────────────────────────────────────────────────────────────────────────────╮             "
"             │ Playback ────────────────────────────────────────  Actions ─────────────────────────────────────────█│             "
"             │ Play / Pause ····························  Space   Love ········································  f █│             "
"             │ Next / Previous ·························  n   p   Move item down / up ·················  C-j   C-k █│             "
"             │ Cycle play mode ·····························  m   Jump to playing ·····························  c █│             "
"             │ Volume ±5 ····························  +   -  +2  Download ····································  d █│             "
"             │ Seek ±5s ································  ←   →   Actions menu ································  o █│             "
"             │ Seek ±30s ···························  S-←   S-→   Copy menu ···································  y █│             "
"             │                                                    Dismiss notice ······························  x █│             "
"             │ Navigate ────────────────────────────────────────                                                   █│             "
"             │ Move down / up ·······················  j   k  +2  View ────────────────────────────────────────────█│             "
"             │ Jump 7 rows ·····························  J   K   Fullscreen ··································  z █│             "
"             │ First / last ····························  g   G   Search view ·································  s █│             "
"             │ Activate ·······························  l   CR   Queue ·····································  Tab █│             "
"             │ Back ·······························  h   Esc  +2  Search input ································  / █│             "
"             │ Drill into ································  C-l   Lyric language ······························  t █│             "
"             │ Cycle section ···························  [   ]   Quit ········································  q ││             "
"             │                                                    This help ···································  ? ││             "
"             │                                                                                                     ││             "
"             ╰───────────────────────────────────────────────────────────────────────────────────────────── ? close ╯             "
"                                                                                                                                  "
"                                                                                                                                  "
"                                                                                                                                  "
"                                                                                                                                  "
"                                                                                                                                  "
"                                                                                                                                  "
