---
source: crates/mineral-tui/src/components/popup/queue.rs
description: "队列浮层:贴边滑入半程(scale=500)内容随前沿平移"
expression: t.backend()
---
"                                                            "
"─────────╮▌                                                 "
"e  len   │▌                                                 "
"Le 3:45  │▌                                                 "
"sa 4:31  │▌                                                 "
"   4:46  │▌                                                 "
"         │▌                                                 "
"         │▌                                                 "
"         │▌                                                 "
"         │▌                                                 "
"         │▌                                                 "
"         │▌                                                 "
"         │▌                                                 "
"         │▌                                                 "
"         │▌                                                 "
"         │▌                                                 "
"         │▌                                                 "
"         │▌                                                 "
"         │▌                                                 "
"sc close ╯▌                                                 "
