---
source: crates/mineral-tui/src/components/popup/queue.rs
description: "队列浮层:贴边水平 grow(scale=505)生长边 1/8 八分块平滑"
expression: t.backend()
---
"                                                                                "
"██████████████▏                                                                 "
"██████████████▏                                                                 "
"██████████████▏                                                                 "
"██████████████▏                                                                 "
"██████████████▏                                                                 "
"██████████████▏                                                                 "
"██████████████▏                                                                 "
"██████████████▏                                                                 "
"██████████████▏                                                                 "
"██████████████▏                                                                 "
"██████████████▏                                                                 "
"██████████████▏                                                                 "
"██████████████▏                                                                 "
"██████████████▏                                                                 "
"██████████████▏                                                                 "
"██████████████▏                                                                 "
"██████████████▏                                                                 "
"██████████████▏                                                                 "
"██████████████▏                                                                 "
"██████████████▏                                                                 "
"██████████████▏                                                                 "
"██████████████▏                                                                 "
"██████████████▏                                                                 "
