---
source: crates/mineral-tui/src/components/popup/queue.rs
description: "队列浮层:贴边水平 grow 半程(scale=500)满高空壳"
expression: t.backend()
---
"                                                            "
"██████████▌                                                 "
"██████████▌                                                 "
"██████████▌                                                 "
"██████████▌                                                 "
"██████████▌                                                 "
"██████████▌                                                 "
"██████████▌                                                 "
"██████████▌                                                 "
"██████████▌                                                 "
"██████████▌                                                 "
"██████████▌                                                 "
"██████████▌                                                 "
"██████████▌                                                 "
"██████████▌                                                 "
"██████████▌                                                 "
"██████████▌                                                 "
"██████████▌                                                 "
"██████████▌                                                 "
"██████████▌                                                 "
