---
source: crates/mineral-tui/src/components/layout/search_panel.rs
description: "kind chip 下拉展开:prompt 下方候选(songs/albums/artists),高亮当前 songs"
expression: terminal.backend()
---
"╭search────────────────────────────────╮"
"│ ♫ netease   ♪ songs                  │"
"╰──────────────────────────────────────╯"
"             ╭ kind ────────╮           "
"             │   ♪ songs    │           "
"             │   ◉ albums   │           "
"             │   ✦ artists  │           "
"             ╰──────────────╯           "
"                                        "
"                                        "
