---
source: crates/mineral-cli/src/subcommands/stats/render/text.rs
description: "stats top songs text:命中名 + 缺名回落 qualified id"
expression: "render_top(&entries, \"top songs\", false)"
---
▸ top songs
╭───┬──────────────┬──────┬──────╮
│ # ┆ 名称         ┆ 次数 ┆ 收听 │
╞═══╪══════════════╪══════╪══════╡
│ 1 ┆ 稻香         ┆ 9    ┆ 9m   │
├╌╌╌┼╌╌╌╌╌╌╌╌╌╌╌╌╌╌┼╌╌╌╌╌╌┼╌╌╌╌╌╌┤
│ 2 ┆ bilibili:BV2 ┆ 3    ┆ 3m   │
╰───┴──────────────┴──────┴──────╯
