---
source: crates/mineral-cli/src/subcommands/stats/render/markdown.rs
description: "stats report md:年终盘点存档(标题 + 总览 + Top 歌曲 + 来源表)"
expression: "report_md(&sample_report(), \"2026\")"
---
# Mineral Recap · 2026

## Overview
- 12 plays (9 completed · 3 skipped)
- 1h30m listening
- 7 songs · 4 active days · 1 new
- 2 sessions · longest 20m · 3 day streak

## Top Songs
1. 稻香 — 9 plays · 9m


## Source Distribution
| value | plays |
|---|---|
| netease | 8 |
