---
source: crates/mineral-cli/src/subcommands/stats/render/text.rs
description: "stats report text:窗口 + 总量 + 带名 top 三榜 + 条形来源分布 + 事件量"
expression: "render_report(&sample_report(), \"2026\", false)"
---
╭───────────────────────────────────┬──────────────╮
│ overview                          ┆ value        │
╞═══════════════════════════════════╪══════════════╡
│ window                            ┆ 2026         │
├╌╌╌╌╌╌╌╌╌╌╌╌╌╌╌╌╌╌╌╌╌╌╌╌╌╌╌╌╌╌╌╌╌╌╌┼╌╌╌╌╌╌╌╌╌╌╌╌╌╌┤
│ plays / completed / skipped       ┆ 12 / 9 / 3   │
├╌╌╌╌╌╌╌╌╌╌╌╌╌╌╌╌╌╌╌╌╌╌╌╌╌╌╌╌╌╌╌╌╌╌╌┼╌╌╌╌╌╌╌╌╌╌╌╌╌╌┤
│ listening time                    ┆ 1h30m        │
├╌╌╌╌╌╌╌╌╌╌╌╌╌╌╌╌╌╌╌╌╌╌╌╌╌╌╌╌╌╌╌╌╌╌╌┼╌╌╌╌╌╌╌╌╌╌╌╌╌╌┤
│ songs / active days / discoveries ┆ 7 / 4 / 2    │
├╌╌╌╌╌╌╌╌╌╌╌╌╌╌╌╌╌╌╌╌╌╌╌╌╌╌╌╌╌╌╌╌╌╌╌┼╌╌╌╌╌╌╌╌╌╌╌╌╌╌┤
│ sessions / longest / streak       ┆ 2 / 20m / 3d │
╰───────────────────────────────────┴──────────────╯

▸ top songs
╭───┬──────┬───────┬──────────╮
│ # ┆ name ┆ plays ┆ listened │
╞═══╪══════╪═══════╪══════════╡
│ 1 ┆ 稻香 ┆ 9     ┆ 9m       │
╰───┴──────┴───────┴──────────╯

▸ top albums
╭───┬────────┬───────┬──────────╮
│ # ┆ name   ┆ plays ┆ listened │
╞═══╪════════╪═══════╪══════════╡
│ 1 ┆ 魔杰座 ┆ 6     ┆ 6m       │
╰───┴────────┴───────┴──────────╯

▸ top artists
╭───┬────────┬───────┬──────────╮
│ # ┆ name   ┆ plays ┆ listened │
╞═══╪════════╪═══════╪══════════╡
│ 1 ┆ 周杰伦 ┆ 9     ┆ 9m       │
╰───┴────────┴───────┴──────────╯

▸ by source
╭───────────┬───────┬──────────────────────╮
│ value     ┆ plays ┆ distribution         │
╞═══════════╪═══════╪══════════════════════╡
│ netease   ┆ 8     ┆ ████████████████████ │
├╌╌╌╌╌╌╌╌╌╌╌┼╌╌╌╌╌╌╌┼╌╌╌╌╌╌╌╌╌╌╌╌╌╌╌╌╌╌╌╌╌╌┤
│ (unknown) ┆ 1     ┆ ██                   │
╰───────────┴───────┴──────────────────────╯

▸ events
╭──────────┬──────╮
│ table    ┆ rows │
╞══════════╪══════╡
│ searches ┆ 12   │
╰──────────┴──────╯
