---
source: crates/mineral-cli/src/subcommands/stats/render/text.rs
description: "stats report text:窗口 + 总量 + 带名 top 三榜 + 条形来源分布 + 事件量"
expression: "render_report(&sample_report(), \"2026\", false)"
---
╭──────────────────────────────┬──────────────╮
│ 总览                         ┆ 值           │
╞══════════════════════════════╪══════════════╡
│ 窗口                         ┆ 2026         │
├╌╌╌╌╌╌╌╌╌╌╌╌╌╌╌╌╌╌╌╌╌╌╌╌╌╌╌╌╌╌┼╌╌╌╌╌╌╌╌╌╌╌╌╌╌┤
│ 播放 / 完播 / 跳过           ┆ 12 / 9 / 3   │
├╌╌╌╌╌╌╌╌╌╌╌╌╌╌╌╌╌╌╌╌╌╌╌╌╌╌╌╌╌╌┼╌╌╌╌╌╌╌╌╌╌╌╌╌╌┤
│ 收听时长                     ┆ 1h30m        │
├╌╌╌╌╌╌╌╌╌╌╌╌╌╌╌╌╌╌╌╌╌╌╌╌╌╌╌╌╌╌┼╌╌╌╌╌╌╌╌╌╌╌╌╌╌┤
│ 涉及歌曲 / 活跃天数 / 新发现 ┆ 7 / 4 / 2    │
├╌╌╌╌╌╌╌╌╌╌╌╌╌╌╌╌╌╌╌╌╌╌╌╌╌╌╌╌╌╌┼╌╌╌╌╌╌╌╌╌╌╌╌╌╌┤
│ 会话 / 最长会话 / 连续天数   ┆ 2 / 20m / 3d │
╰──────────────────────────────┴──────────────╯

▸ top songs
╭───┬──────┬──────┬──────╮
│ # ┆ 名称 ┆ 次数 ┆ 收听 │
╞═══╪══════╪══════╪══════╡
│ 1 ┆ 稻香 ┆ 9    ┆ 9m   │
╰───┴──────┴──────┴──────╯

▸ top albums
╭───┬────────┬──────┬──────╮
│ # ┆ 名称   ┆ 次数 ┆ 收听 │
╞═══╪════════╪══════╪══════╡
│ 1 ┆ 魔杰座 ┆ 6    ┆ 6m   │
╰───┴────────┴──────┴──────╯

▸ top artists
╭───┬────────┬──────┬──────╮
│ # ┆ 名称   ┆ 次数 ┆ 收听 │
╞═══╪════════╪══════╪══════╡
│ 1 ┆ 周杰伦 ┆ 9    ┆ 9m   │
╰───┴────────┴──────┴──────╯

▸ by source
╭─────────┬──────┬──────────────────────╮
│ 值      ┆ 次数 ┆ 分布                 │
╞═════════╪══════╪══════════════════════╡
│ netease ┆ 8    ┆ ████████████████████ │
├╌╌╌╌╌╌╌╌╌┼╌╌╌╌╌╌┼╌╌╌╌╌╌╌╌╌╌╌╌╌╌╌╌╌╌╌╌╌╌┤
│ (未知)  ┆ 1    ┆ ██                   │
╰─────────┴──────┴──────────────────────╯

▸ events
╭──────────┬──────╮
│ 事件表   ┆ 行数 │
╞══════════╪══════╡
│ searches ┆ 12   │
╰──────────┴──────╯
