---
source: crates/mineral-tui/src/app/menus.rs
assertion_line: 570
description: "Library 视图 o 操作菜单稳态(贴选中行下方,p/a/d 三项)"
expression: terminal.backend()
---
"▌ mineral v0.5.1  │  [playlists]  [track                                                   ‖ paused "
"╭ tracks / EndSerenading ──────────────────────────────────────────╮╭ selected ────────────────────╮"
"│    #    title                 artist        album          len   ││   ▀▀▀▀▀▀▀▀▀▀▀▀▀▀▀▀▀▀▀▀▀▀▀▀   │"
"│    0    LoveLetterTypewriter  Mineral                      3:45  ││   ▀▀▀▀▀▀▀▀▀▀▀▀▀▀▀▀▀▀▀▀▀▀▀▀   │"
"│▌   1    Palisade              Mineral                      4:31  ││   ▀▀▀▀▀▀▀▀▀▀▀▀▀▀▀▀▀▀▀▀▀▀▀▀   │"
"│    2    Gjs                   Mineral      ╭ actions ───────────╮││   ▀▀▀▀▀▀▀▀▀▀▀▀▀▀▀▀▀▀▀▀▀▀▀▀   │"
"│                                            │ p Play next        │││   ▀▀▀▀▀▀▀▀▀▀▀▀▀▀▀▀▀▀▀▀▀▀▀▀   │"
"│                                            │ a Append to queue  │││   ▀▀▀▀▀▀▀▀▀▀▀▀▀▀▀▀▀▀▀▀▀▀▀▀   │"
"│                                            │ d Download         │││   ▀▀▀▀▀▀▀▀▀▀▀▀▀▀▀▀▀▀▀▀▀▀▀▀   │"
"│                                            ╰────────────────────╯││   ▀▀▀▀▀▀▀▀▀▀▀▀▀▀▀▀▀▀▀▀▀▀▀▀   │"
"│                                                                  ││   ▀▀▀▀▀▀▀▀▀▀▀▀▀▀▀▀▀▀▀▀▀▀▀▀   │"
"│                                                                  ││   ▀▀▀▀▀▀▀▀▀▀▀▀▀▀▀▀▀▀▀▀▀▀▀▀   │"
"│                                                                  ││   ▀▀▀▀▀▀▀▀▀▀▀▀▀▀▀▀▀▀▀▀▀▀▀▀   │"
"│                                                                  ││   ▀▀▀▀▀▀▀▀▀▀▀▀▀▀▀▀▀▀▀▀▀▀▀▀   │"
"│                                                                  ││ length: 4:31      plays:  —  │"
"│                                                                  ││ love: ♡ —                    │"
"│                                                                  ││ ▶ Palisade — Mineral         │"
"╰ 2 / 3 ──────────────────────────────────────────────────13m total╯╰──────────────────────────────╯"
"╭ lyrics ────────────────────────────────────────╮╭ spectrum ──────────────────────────────────────╮"
"│                                                ││                                                │"
"│                                                ││                                                │"
"│                                                │╰────────────────────────────────────────────────╯"
"│                                                │╭ transport ─────────────────────────────────────╮"
"│                                                ││                        —                       │"
"│                   ♪ no lyrics                  ││                        ·                       │"
"│                                                ││ 0:00 ●─────────────────────────────────── 0:00 │"
"│                                                ││              [⏮]   [▶]   [⏭]   [→]             │"
"│                                                ││               p     ␣     n     m              │"
"│                                                ││ vol ██████████     mode seq              fmt — │"
"╰────────────────────────────────────────────────╯╰────────────────────────────────────────────────╯"
