---
source: crates/mineral-tui/src/components/sidebar/library.rs
description: "曲目列表:EndSerenading 前 3 曲(♫ 当前 / ♥ 收藏)"
expression: t.backend()
---
"╭ tracks / EndSerenading ──────────────╮"
"│    # title        arti albu play len │"
"│    ♫ LoveLetterTy Mine      1200 3:45│"
"│▌ ♥ 1 Palisade     Mine      999  4:31│"
"│    2 Gjs          Mine      88   4:46│"
"│                                      │"
"│                                      │"
"│                                      │"
"│                                      │"
"│                                      │"
"│                                      │"
"╰ 2 / 3 ──────────────────────13m total╯"
