---
source: crates/mineral-tui/src/components/sidebar/library.rs
description: "曲目列表:选中歌单但曲目未到(loading)"
expression: t.backend()
---
"╭ tracks / EndSerenading ──────────────╮"
"│    # title        artist album len   │"
"│▌ l                                   │"
"│                                      │"
"│                                      │"
"│                                      │"
"│                                      │"
"│                                      │"
"│                                      │"
"│                                      │"
"│                                      │"
"╰ 0 / 0 ───────────────────────0m total╯"
