---
source: crates/mineral-tui/src/components/sidebar/playlists.rs
description: "歌单列表:空态(未加载 / 未登录)"
expression: t.backend()
---
"╭ playlists ───────────────────────────╮"
"│                                      │"
"│          尚未登录或拉取失败          │" Hidden by multi-width symbols: [(12, " "), (14, " "), (16, " "), (18, " "), (20, " "), (22, " "), (24, " "), (26, " "), (28, " ")]
"│                                      │"
"│          请先在另一个终端跑:         │" Hidden by multi-width symbols: [(12, " "), (14, " "), (16, " "), (18, " "), (20, " "), (22, " "), (24, " "), (26, " "), (28, " ")]
"│            mineral-cli login         │"
"│                                      │"
"│         登录完成后重启本程序         │" Hidden by multi-width symbols: [(11, " "), (13, " "), (15, " "), (17, " "), (19, " "), (21, " "), (23, " "), (25, " "), (27, " "), (29, " ")]
"│                                      │"
"│                                      │"
"│                                      │"
"╰ 0 / 0 ───────────────────────────────╯"
