---
source: crates/mineral-tui/src/components/sidebar/library.rs
description: "曲目列表:CJK 曲目(Chinese Football)Full 档宽字符对齐"
expression: t.backend()
---
"╭ tracks / Chinese Football ───────────────────────────────────────────────────╮"
"│    #    title                      artist            album             len   │"
"│▌   ♫    守门员                     Chinese Football                    3:53  │" Hidden by multi-width symbols: [(11, " "), (13, " "), (15, " ")]
"│    1    飞鱼转身                   Chinese Football                    3:53  │" Hidden by multi-width symbols: [(11, " "), (13, " "), (15, " "), (17, " ")]
"│    2    400米                      Chinese Football                    3:53  │" Hidden by multi-width symbols: [(14, " ")]
"│    3    不是人人都能穿十号球衣     Chinese Football                    3:53  │" Hidden by multi-width symbols: [(11, " "), (13, " "), (15, " "), (17, " "), (19, " "), (21, " "), (23, " "), (25, " "), (27, " "), (29, " "), (31, " ")]
"│                                                                              │"
"│                                                                              │"
"│                                                                              │"
"│                                                                              │"
"│                                                                              │"
"╰ 1 / 4 ──────────────────────────────────────────────────────────────15m total╯"
