---
source: crates/mineral-tui/src/components/sidebar/playlists.rs
description: "歌单列表:搜索输入态(标题 /春日影█)"
expression: t.backend()
---
"╭ playlists /春日影█───────────────────╮" Hidden by multi-width symbols: [(14, " "), (16, " "), (18, " ")]
"│name        source      length   items│"
"│                                      │"
"│                                      │"
"│                                      │"
"│                                      │"
"│                                      │"
"│                                      │"
"│                                      │"
"│                                      │"
"│                                      │"
"╰ 0 / 0 ───────────────────────────────╯"
