---
source: crates/mineral-tui/src/components/layout/shared/transport/paint.rs
description: "播放栏:波形入场动画中途(左波形 / 亮边 / 右中线三段共存)"
expression: t.backend()
---
"╭ transport ─────────────────────────────────────────────fmt — ╮"
"│                        CrescendoTrack                        │"
"│                               ·                              │"
"│▁▁▁▁▁▁▁▁▂▂▂▂▂▂▂▂▃▃▃▃▃▃▃▃▃▃▃▄▄▄▄▃▃▃▃▃▃▃▃▂▂▂▁▁▁─────────────────│"
"╰ 1:00 ────────────────────────────────────────────────── 3:45 ╯"
