---
source: crates/mineral-tui/src/components/layout/spectrum.rs
description: "频谱静默基线(SpectrumState::new())"
expression: terminal.backend()
---
"╭ spectrum ────────────────────────────╮"
"│                                      │"
"│                                      │"
"│                                      │"
"│                                      │"
"│                                      │"
"│                                      │"
"│                                      │"
"│▃▃▃▃▃▃▃▃▃▃▃▃▃▃▃▃▃▃▃▃▃▃▃▃▃▃▃▃▃▃▃▃▃▃▃▃▃▃│"
"╰──────────────────────────────────────╯"
