---
source: crates/mineral-tui/src/view.rs
description: "全屏形变中途:封面右→左、歌词左→右对穿、消失面板收缩"
expression: t.backend()
---
"                                                   ‖ paused                     "
"                                ▀▀▀▀▀▀▀▀▀▀▀▀▀▀▀▀▀▀▀▀                            "
"                                ▀▀▀▀▀▀▀▀▀▀▀▀▀▀▀▀▀▀▀▀                            "
"                                ▀▀▀▀▀▀▀▀▀▀▀▀▀▀▀▀▀▀▀▀                            "
"             ╭ playlists ───────▀▀▀▀▀▀▀▀▀▀▀▀▀▀▀▀▀▀▀▀        ╭ selected ─╮       "
"             │                  ▀▀▀▀▀▀▀▀▀▀▀▀▀▀▀▀▀▀▀▀        │           │       "
"             │     还没有可用歌单▀▀▀▀▀▀▀▀▀▀▀▀▀▀▀▀▀▀▀        │           │       " Hidden by multi-width symbols: [(20, " "), (22, " "), (24, " "), (26, " "), (28, " "), (30, " "), (32, " ")]
"             │                  ▀▀▀▀▀▀▀▀▀▀▀▀▀▀▀▀▀▀▀▀        │           │       "
"             │  登 lyrics · synced ✦ ──────────────── [t] ╮ │           │       " Hidden by multi-width symbols: [(17, " ")]
"             │  m│nera歩いても歩いても 答えなんか出ない   │ │           │       " Hidden by multi-width symbols: [(23, " "), (25, " "), (27, " "), (29, " "), (31, " "), (33, " "), (35, " "), (37, " "), (40, " "), (42, " "), (44, " "), (46, " "), (48, " "), (50, " "), (52, " "), (54, " ")]
"             ╰ 0 │ 地上へ出ると 煩（うるさ）いくらいの散光│ ╰───────────╯       " Hidden by multi-width symbols: [(20, " "), (22, " "), (24, " "), (26, " "), (28, " "), (30, " "), (33, " "), (35, " "), (37, " "), (39, " "), (41, " "), (43, " "), (45, " "), (47, " "), (49, " "), (51, " "), (53, " "), (55, " "), (57, " ")]
"                 │  ╭ trans深く 深く  潜ったままの───────╮│                     " Hidden by multi-width symbols: [(28, " "), (30, " "), (33, " "), (35, " "), (39, " "), (41, " "), (43, " "), (45, " "), (47, " "), (49, " ")]
"                 │  │       僕の声を 抱えて歩いた        ││                     " Hidden by multi-width symbols: [(29, " "), (31, " "), (33, " "), (35, " "), (38, " "), (40, " "), (42, " "), (44, " "), (46, " "), (48, " ")]
"                 │太陽にあぶり出される  僕の孤独のカタチが│                     " Hidden by multi-width symbols: [(19, " "), (21, " "), (23, " "), (25, " "), (27, " "), (29, " "), (31, " "), (33, " "), (35, " "), (37, " "), (41, " "), (43, " "), (45, " "), (47, " "), (49, " "), (51, " "), (53, " "), (55, " "), (57, " ")]
"                 │  │ 1後ずさりするように  影になった:22 ││                     " Hidden by multi-width symbols: [(24, " "), (26, " "), (28, " "), (30, " "), (32, " "), (34, " "), (36, " "), (38, " "), (40, " "), (44, " "), (46, " "), (48, " "), (50, " "), (52, " ")]
"                 │ 眩しすぎる正しさで 僕へと照りつけないで│────────────────────╮" Hidden by multi-width symbols: [(20, " "), (22, " "), (24, " "), (26, " "), (28, " "), (30, " "), (32, " "), (34, " "), (36, " "), (39, " "), (41, " "), (43, " "), (45, " "), (47, " "), (49, " "), (51, " "), (53, " "), (55, " "), (57, " ")]
"                 │  │    遮ったこの腕 だけが僕を庇う     ││                    │" Hidden by multi-width symbols: [(26, " "), (28, " "), (30, " "), (32, " "), (34, " "), (36, " "), (39, " "), (41, " "), (43, " "), (45, " "), (47, " "), (49, " "), (51, " ")]
"                 │  逃げるように駆け込んだゲームセンター ││                    │" Hidden by multi-width symbols: [(21, " "), (23, " "), (25, " "), (27, " "), (29, " "), (31, " "), (33, " "), (35, " "), (37, " "), (39, " "), (41, " "), (43, " "), (45, " "), (47, " "), (49, " "), (51, " "), (53, " "), (55, " ")]
"                 ╰────────────────────────────────────────╯▁▁▁▁▁▁▁▁▁▁▁▁▁▁▁▁▁▁▁▁│"
"                    ╰──────────────────────────────────────────────────────────╯"
"                                                                                "
"                                                                                "
"                                                                                "
"                                                                                "
