---
source: crates/mineral-tui/src/view.rs
description: "全屏稳态:cover 左 / lyrics 右 / spectrum+transport 贴底"
expression: t.backend()
---
"           ▀▀▀▀▀▀▀▀▀▀▀▀            ╭ lyrics · synced ✦ ─────────────────── [t] ╮"
"           ▀▀▀▀▀▀▀▀▀▀▀▀            │わからない  わからないまま チクチクと時間だ│" Hidden by multi-width symbols: [(37, " "), (39, " "), (41, " "), (43, " "), (45, " "), (49, " "), (51, " "), (53, " "), (55, " "), (57, " "), (59, " "), (61, " "), (64, " "), (66, " "), (68, " "), (70, " "), (72, " "), (74, " "), (76, " "), (78, " ")]
"           ▀▀▀▀▀▀▀▀▀▀▀▀            │ため息のようにドアが開く  ゆらゆらと進む地 │" Hidden by multi-width symbols: [(37, " "), (39, " "), (41, " "), (43, " "), (45, " "), (47, " "), (49, " "), (51, " "), (53, " "), (55, " "), (57, " "), (59, " "), (63, " "), (65, " "), (67, " "), (69, " "), (71, " "), (73, " "), (75, " "), (77, " ")]
"           ▀▀▀▀▀▀▀▀▀▀▀▀            │     歩いても歩いても 答えなんか出ない     │" Hidden by multi-width symbols: [(42, " "), (44, " "), (46, " "), (48, " "), (50, " "), (52, " "), (54, " "), (56, " "), (59, " "), (61, " "), (63, " "), (65, " "), (67, " "), (69, " "), (71, " "), (73, " ")]
"           ▀▀▀▀▀▀▀▀▀▀▀▀            │地上へ出ると 煩（うるさ）いくらいの散光が僕│" Hidden by multi-width symbols: [(37, " "), (39, " "), (41, " "), (43, " "), (45, " "), (47, " "), (50, " "), (52, " "), (54, " "), (56, " "), (58, " "), (60, " "), (62, " "), (64, " "), (66, " "), (68, " "), (70, " "), (72, " "), (74, " "), (76, " "), (78, " ")]
"           ▀▀▀▀▀▀▀▀▀▀▀▀            │          深く 深く  潜ったままの          │" Hidden by multi-width symbols: [(47, " "), (49, " "), (52, " "), (54, " "), (58, " "), (60, " "), (62, " "), (64, " "), (66, " "), (68, " ")]
"╭ transport ──────────────────────╮│           僕の声を 抱えて歩いた           │" Hidden by multi-width symbols: [(48, " "), (50, " "), (52, " "), (54, " "), (57, " "), (59, " "), (61, " "), (63, " "), (65, " "), (67, " ")]
"│            潜在表明             ││ 太陽にあぶり出される  僕の孤独のカタチが  │" Hidden by multi-width symbols: [(14, " "), (16, " "), (18, " "), (20, " "), (38, " "), (40, " "), (42, " "), (44, " "), (46, " "), (48, " "), (50, " "), (52, " "), (54, " "), (56, " "), (60, " "), (62, " "), (64, " "), (66, " "), (68, " "), (70, " "), (72, " "), (74, " "), (76, " ")]
"│          MyGO!!!!! ·            ││      後ずさりするように  影になった       │" Hidden by multi-width symbols: [(43, " "), (45, " "), (47, " "), (49, " "), (51, " "), (53, " "), (55, " "), (57, " "), (59, " "), (63, " "), (65, " "), (67, " "), (69, " "), (71, " ")]
"│ 1:02 ━━━━●──────────────── 4:22 ││  眩しすぎる正しさで 僕へと照りつけないで  │" Hidden by multi-width symbols: [(39, " "), (41, " "), (43, " "), (45, " "), (47, " "), (49, " "), (51, " "), (53, " "), (55, " "), (58, " "), (60, " "), (62, " "), (64, " "), (66, " "), (68, " "), (70, " "), (72, " "), (74, " "), (76, " ")]
"│      [⏮]   [▶]   [⏭]   [→]      ││        遮ったこの腕 だけが僕を庇う        │" Hidden by multi-width symbols: [(45, " "), (47, " "), (49, " "), (51, " "), (53, " "), (55, " "), (58, " "), (60, " "), (62, " "), (64, " "), (66, " "), (68, " "), (70, " ")]
"│       p     ␣     n     m       ││   逃げるように駆け込んだゲームセンター    │" Hidden by multi-width symbols: [(40, " "), (42, " "), (44, " "), (46, " "), (48, " "), (50, " "), (52, " "), (54, " "), (56, " "), (58, " "), (60, " "), (62, " "), (64, " "), (66, " "), (68, " "), (70, " "), (72, " "), (74, " ")]
"│ vol ██████████ 100%   │   mode s││ ドクン  ドクン モグラを叩く音が響いていた │" Hidden by multi-width symbols: [(38, " "), (40, " "), (42, " "), (46, " "), (48, " "), (50, " "), (53, " "), (55, " "), (57, " "), (59, " "), (61, " "), (63, " "), (65, " "), (67, " "), (69, " "), (71, " "), (73, " "), (75, " "), (77, " ")]
"╰─────────────────────────────────╯╰───────────────────────────────────────────╯"
"╭ spectrum ────────────────────────────────────────────────────────────────────╮"
"│                                                                              │"
"│                                                                              │"
"│                                                                              │"
"│                                                                              │"
"│                                                                              │"
"│                                                                              │"
"│                                                                              │"
"│▃▃▃▃▃▃▃▃▃▃▃▃▃▃▃▃▃▃▃▃▃▃▃▃▃▃▃▃▃▃▃▃▃▃▃▃▃▃▃▃▃▃▃▃▃▃▃▃▃▃▃▃▃▃▃▃▃▃▃▃▃▃▃▃              │"
"╰──────────────────────────────────────────────────────────────────────────────╯"
