---
source: crates/mineral-tui/src/app.rs
description: "queue 浮层:光标 ▌ 在第 4 行、在播 ▶ 在第 2 行(二者解耦)"
expression: t.backend()
---
"                                                                                                "
"                                                                                                "
"                                                                                                "
"                                                                                                "
"                   ╭ queue ────────────────────────────────────────────────╮                    "
"                   │  #   title                     artist           len   │                    "
"                   │  0   LoveLetterTypewriter      Mineral          3:45  │                    "
"                   │  1   Palisade                  Mineral          4:31  │                    "
"                   │  ▶   Gjs                       Mineral          4:46  │                    "
"                   │  3   Unfinished                Mineral          6:07  │                    "
"                   │▌ 4   ForIvadell                Mineral          3:36  │                    "
"                   │  5   WakingToWinter            Mineral          4:02  │                    "
"                   │                                                       │                    "
"                   │                                                       │                    "
"                   │                                                       │                    "
"                   │                                                       │                    "
"                   │                                                       │                    "
"                   │                                                       │                    "
"                   │                                                       │                    "
"                   │                                                       │                    "
"                   │                                                       │                    "
"                   │                                                       │                    "
"                   ╰ 5 / 6 ──────────────────── ↵ play  ·  Tab/q/esc close ╯                    "
"                                                                                                "
"                                                                                                "
"                                                                                                "
"                                                                                                "
"                                                                                                "
