---
source: crates/mineral-tui/src/view.rs
description: "Search 焦点环滑动中途:accent 浮动边框悬在 prompt 与 results 之间,两面板边框压暗"
expression: t.backend()
---
"▌ mineral v0.5.1  │                                                    ‖ paused "
"┌search────────────────────────────────────────────────────────────────────────┐"
"│ ♫ netease   songs  █                                                         │"
"┌────────────────────────────────────────────────────┐─────────────────────────┘"
"│results─────────────────────┐┌detail────────────────│─────────────────────────┐"
"│                            ││                      │                         │"
"│                            ││                      │                         │"
"│                            ││                      │                         │"
"│                            ││                      │                         │"
"│                            ││                      │                         │"
"└────────────────────────────────────────────────────┘                         │"
"│                            ││                                                │"
"│                            ││                                                │"
"│                            ││                                                │"
"│                            ││                                                │"
"└────────────────────────────┘└────────────────────────────────────────────────┘"
"╭ transport ───────────────────────────────────────────────────────────────────╮"
"│                                       —                                      │"
"│                                       ·                                      │"
"│ 0:00 ●───────────────────────────────────────────────────────────────── 0:00 │"
"│                             [⏮]   [▶]   [⏭]   [→]                            │"
"│                              p     ␣     n     m                             │"
"│ vol ██████████ 100%               mode seq                             fmt — │"
"╰──────────────────────────────────────────────────────────────────────────────╯"
