---
source: crates/mineral-tui/src/view.rs
description: "Search 形变中途:results/detail 对飞、prompt 长出、lyrics/spectrum 收缩"
expression: t.backend()
---
"▌ mineral v0.5.1  │                                                    ‖ paused "
"                    ⌕                                                           "
"┌results─────────────────────────────────┐┌detail──────────────────────────────┐"
"│                                        ││                                    │"
"│                                        ││                                    │"
"│                                        ││                                    │"
"│                                        ││                                    │"
"│                                        ││                                    │"
"│                                        ││                                    │"
"│                                        ││                                    │"
"│                                        ││                                    │"
"│                                        ││                                    │"
"│                                        ││                                    │"
"│                                        ││                                    │"
"│                                        ││                                    │"
"└────────────────────────────────────────┘└────────────────────────────────────┘"
"                    ╭ transport ───────────────────────────────────────────────╮"
"          ╭ lyrics ─│────────╮          LoveLetterTypewriter                   │"
"          │         │        │               Mineral ·                         │"
"          │    ♪ no │ 0:00 ●───────────────────────────────────────────── 3:45 │"
"          ╰─────────│────────╯          [⏮]   [▶]   [⏭]   [→]                  │"
"                    │                    p     ␣     n     m                   │"
"                    │ vol ██████████ 100      mode seq                   fmt — │"
"                    ╰──────────────────────────────────────────────────────────╯"
