---
source: crates/mineral-tui/src/view.rs
description: "Search detail 焦点:detail 框 accent + results 框暗调 + 选中行暗调高亮"
expression: t.backend()
---
"▌ mineral v0.5.1  │                                                    ‖ paused "
"┌search────────────────────────────────────────────────────────────────────────┐"
"│ ♫ netease   songs  serenading█                                               │"
"└──────────────────────────────────────────────────────────────────────────────┘"
"┌results─────────────────────┐┌detail──────────────────────────────────────────┐"
"│  title       artist   len  ││                                                │"
"│▌ LoveLetterT Mineral  3:45 ││                                                │"
"│  Palisade    Mineral  4:31 ││                                                │"
"│  Gjs         Mineral  4:46 ││                                                │"
"│  Unfinished  Mineral  6:07 ││                                                │"
"│                            ││                                                │"
"│                            ││                                                │"
"│                            ││                                                │"
"│                            ││                                                │"
"│                            ││                                                │"
"└────────────────────────────┘└────────────────────────────────────────────────┘"
"╭ transport ───────────────────────────────────────────────────────────────────╮"
"│                                       —                                      │"
"│                                       ·                                      │"
"│ 0:00 ●───────────────────────────────────────────────────────────────── 0:00 │"
"│                             [⏮]   [▶]   [⏭]   [→]                            │"
"│                              p     ␣     n     m                             │"
"│ vol ██████████ 100%               mode seq                             fmt — │"
"╰──────────────────────────────────────────────────────────────────────────────╯"
