---
source: crates/mineral-tui/src/view.rs
description: "Search 歌单 detail 曲目表:♥/#/title/artist/album/len 六列 + 表头(♫ 在播 / ♥ 收藏)"
expression: t.backend()
---
"╭search────────────────────────────────────────────────────────────────────────────────────────────────────────────────╮"
"│ ♫ netease   ▤ playlists  emo                                                                                         │"
"╰──────────────────────────────────────────────────────────────────────────────────────────────────────────────────────╯"
"╭results─────────────────────────────────────╮╭▤ playlist · emo mix────────────────────────────────────────────────────╮"
"│  playlist                            tracks││     ▀▀▀▀▀▀▀▀▀▀▀▀      emo mix                                          │"
"│▌ emo mix                             3     ││     ▀▀▀▀▀▀▀▀▀▀▀▀      3 tracks                                         │"
"│                                            ││     ▀▀▀▀▀▀▀▀▀▀▀▀                                                       │"
"│                                            ││     ▀▀▀▀▀▀▀▀▀▀▀▀                                                       │"
"│                                            ││     ▀▀▀▀▀▀▀▀▀▀▀▀                                                       │"
"│                                            ││     ▀▀▀▀▀▀▀▀▀▀▀▀                                                       │"
"│                                            ││                              ────────────                              │"
"│                                            ││    #    title                   artist           album           len   │"
"│                                            ││▌   ♫    Endserenading           Mineral          EndSerenading   3:45  │"
"│                                            ││  ♥ 1    守门员                  Chinese Football Chinese Footbal 3:53  │" Hidden by multi-width symbols: [(57, " "), (59, " "), (61, " ")]
"│                                            ││    2    Palisade                Mineral          EndSerenading   4:31  │"
"│                                            ││                                                                        │"
"│                                            ││                                                                        │"
"╰ 1 / 1 ─────────────────────────────────────╯╰ 1 / 3 ─────────────────────────────────────────────────────────────────╯"
"╭ transport ───────────────────────────────────────────────────────────────────────────────────────────────────────────╮"
"│                                                           —                                                          │"
"│                                                           ·                                                          │"
"│ 0:00 ●───────────────────────────────────────────────────────────────────────────────────────────────────────── -:-- │"
"│                                                 [⏮]   [▶]   [⏭]   [→]                                                │"
"│                                                  p     ␣     n     m                                                 │"
"│ vol ██████████ 100%                                   mode seq                                                 fmt — │"
"╰──────────────────────────────────────────────────────────────────────────────────────────────────────────────────────╯"
