---
source: crates/mineral-tui/src/view.rs
description: "Search 稳态:prompt 行 + results 左 / detail 右占位 + transport 全宽"
expression: t.backend()
---
"▌ mineral v0.5.1  │                                                    ‖ paused "
"⌕                                                                               "
"┌results─────────────────────┐┌detail──────────────────────────────────────────┐"
"│                            ││                                                │"
"│                            ││                                                │"
"│                            ││                                                │"
"│                            ││                                                │"
"│                            ││                                                │"
"│                            ││                                                │"
"│                            ││                                                │"
"│                            ││                                                │"
"│                            ││                                                │"
"│                            ││                                                │"
"│                            ││                                                │"
"│                            ││                                                │"
"└────────────────────────────┘└────────────────────────────────────────────────┘"
"╭ transport ───────────────────────────────────────────────────────────────────╮"
"│                             LoveLetterTypewriter                             │"
"│                                  Mineral ·                                   │"
"│ 0:00 ●───────────────────────────────────────────────────────────────── 3:45 │"
"│                             [⏮]   [▶]   [⏭]   [→]                            │"
"│                              p     ␣     n     m                             │"
"│ vol ██████████ 100%               mode seq                             fmt — │"
"╰──────────────────────────────────────────────────────────────────────────────╯"
