---
source: crates/mineral-tui/src/view.rs
description: "Search 歌手 detail 切区中途:Top Songs↔Albums 横向合成(列表区,Tab/头图不滑)"
expression: t.backend()
---
"╭search────────────────────────────────────────────────────────────────────────────────────────────────────────────────╮"
"│ ♫ netease   ✦ artists  mineral                                                                                       │"
"╰──────────────────────────────────────────────────────────────────────────────────────────────────────────────────────╯"
"╭results─────────────────────────────────────╮╭✦ artist · Mineral──────────────────────────────────────────────────────╮"
"│  artist                              fans  ││    ▀▀▀▀▀▀▀▀▀▀▀▀     Mineral                            ▀▀▀▀▀▀▀▀▀▀▀▀    │"
"│▌ Mineral                             176k  ││    ▀▀▀▀▀▀▀▀▀▀▀▀     176,393 fans                       ▀▀▀▀▀▀▀▀▀▀▀▀    │"
"│                                            ││    ▀▀▀▀▀▀▀▀▀▀▀▀     2 albums · 21 songs                ▀▀▀▀▀▀▀▀▀▀▀▀    │"
"│                                            ││    ▀▀▀▀▀▀▀▀▀▀▀▀                                        ▀▀▀▀▀▀▀▀▀▀▀▀    │"
"│                                            ││    ▀▀▀▀▀▀▀▀▀▀▀▀     Texas emo, 1994–1998               ▀▀▀▀▀▀▀▀▀▀▀▀    │"
"│                                            ││    ▀▀▀▀▀▀▀▀▀▀▀▀                                        ▀▀▀▀▀▀▀▀▀▀▀▀    │"
"│                                            ││Top Songs  Albums   [ / ] section                                       │"
"│                                            ││                            album                  len     name         │"
"│                                            ││tterTypewriter              EndSerenading          3:45  ▌ EndSerenading│"
"│                                            ││de                          EndSerenading          4:31    ThePowerOfFai│"
"│                                            ││                                                                        │"
"│                                            ││                                                                        │"
"│                                            ││                                                                        │"
"╰────────────────────────────────────────────╯╰────────────────────────────────────────────────────────────────────────╯"
"╭ transport ───────────────────────────────────────────────────────────────────────────────────────────────────────────╮"
"│                                                           —                                                          │"
"│                                                           ·                                                          │"
"│ 0:00 ●───────────────────────────────────────────────────────────────────────────────────────────────────────── 0:00 │"
"│                                                 [⏮]   [▶]   [⏭]   [→]                                                │"
"│                                                  p     ␣     n     m                                                 │"
"│ vol ██████████ 100%                                   mode seq                                                 fmt — │"
"╰──────────────────────────────────────────────────────────────────────────────────────────────────────────────────────╯"
