---
source: crates/mineral-cli/src/subcommands/cache/render.rs
description: "cache clean:三区域前后对比 + 音频分格式 + 总释放"
expression: out
---
╭──────┬─────────────────────┬────────╮
│ 区域 ┆ 清理前              ┆ 之后   │
╞══════╪═════════════════════╪════════╡
│ 音频 ┆ 2 条 / 38.0 MiB     ┆ 已清空 │
├╌╌╌╌╌╌┼╌╌╌╌╌╌╌╌╌╌╌╌╌╌╌╌╌╌╌╌╌┼╌╌╌╌╌╌╌╌┤
│ 封面 ┆ 1 条 / 4.0 MiB      ┆ 已清空 │
├╌╌╌╌╌╌┼╌╌╌╌╌╌╌╌╌╌╌╌╌╌╌╌╌╌╌╌╌┼╌╌╌╌╌╌╌╌┤
│ 歌单 ┆ 3 个歌单 / 120 曲目 ┆ 已清空 │
╰──────┴─────────────────────┴────────╯
▸ 音频分格式
╭──────┬──────┬──────────╮
│ 格式 ┆ 条数 ┆ 大小     │
╞══════╪══════╪══════════╡
│ flac ┆ 1    ┆ 30.0 MiB │
├╌╌╌╌╌╌┼╌╌╌╌╌╌┼╌╌╌╌╌╌╌╌╌╌┤
│ mp3  ┆ 1    ┆ 8.0 MiB  │
╰──────┴──────┴──────────╯
共释放 42.0 MiB
