---
source: crates/mineral-cli/src/subcommands/cache/render.rs
description: "cache clean:三区域前后对比 + 音频分格式 + 总释放"
expression: out
---
╭──────────┬──────────────────────────┬─────────╮
│ area     ┆ before                   ┆ after   │
╞══════════╪══════════════════════════╪═════════╡
│ audio    ┆ 2 files / 38.0 MiB       ┆ cleared │
├╌╌╌╌╌╌╌╌╌╌┼╌╌╌╌╌╌╌╌╌╌╌╌╌╌╌╌╌╌╌╌╌╌╌╌╌╌┼╌╌╌╌╌╌╌╌╌┤
│ cover    ┆ 1 files / 4.0 MiB        ┆ cleared │
├╌╌╌╌╌╌╌╌╌╌┼╌╌╌╌╌╌╌╌╌╌╌╌╌╌╌╌╌╌╌╌╌╌╌╌╌╌┼╌╌╌╌╌╌╌╌╌┤
│ playlist ┆ 3 playlists / 120 tracks ┆ cleared │
╰──────────┴──────────────────────────┴─────────╯
▸ audio by format
╭────────┬───────┬──────────╮
│ format ┆ items ┆ size     │
╞════════╪═══════╪══════════╡
│ flac   ┆ 1     ┆ 30.0 MiB │
├╌╌╌╌╌╌╌╌┼╌╌╌╌╌╌╌┼╌╌╌╌╌╌╌╌╌╌┤
│ mp3    ┆ 1     ┆ 8.0 MiB  │
╰────────┴───────┴──────────╯
42.0 MiB freed
