---
source: crates/mineral-cli/src/subcommands/cache/render.rs
description: "cache status 汇总:音频 + 封面 + 歌单 + 分格式 + 最旧最新"
expression: out
---
╭──────┬──────────────────────────────────────────────╮
│ 缓存 ┆ 状态                                         │
╞══════╪══════════════════════════════════════════════╡
│ 音频 ┆ 38.0 MiB / 10.0 GiB  [░░░░░░░░░░] 0%  · 2 条 │
├╌╌╌╌╌╌┼╌╌╌╌╌╌╌╌╌╌╌╌╌╌╌╌╌╌╌╌╌╌╌╌╌╌╌╌╌╌╌╌╌╌╌╌╌╌╌╌╌╌╌╌╌╌┤
│ 封面 ┆ 4.0 MiB / 1.0 GiB  [░░░░░░░░░░] 0%  · 12 条  │
├╌╌╌╌╌╌┼╌╌╌╌╌╌╌╌╌╌╌╌╌╌╌╌╌╌╌╌╌╌╌╌╌╌╌╌╌╌╌╌╌╌╌╌╌╌╌╌╌╌╌╌╌╌┤
│ 歌单 ┆ 3 个歌单 · 120 曲目                          │
╰──────┴──────────────────────────────────────────────╯
▸ 分格式
╭──────┬──────┬──────────╮
│ 格式 ┆ 条数 ┆ 大小     │
╞══════╪══════╪══════════╡
│ flac ┆ 1    ┆ 30.0 MiB │
├╌╌╌╌╌╌┼╌╌╌╌╌╌┼╌╌╌╌╌╌╌╌╌╌┤
│ mp3  ┆ 1    ┆ 8.0 MiB  │
╰──────┴──────┴──────────╯
▸ 最旧 / 最新
╭──────┬───────────────────────────────────┬────────╮
│      ┆ 条目                              ┆ 时间   │
╞══════╪═══════════════════════════════════╪════════╡
│ 最旧 ┆ netease/lossless/叶惠美/晴天.flac ┆ 5 天前 │
├╌╌╌╌╌╌┼╌╌╌╌╌╌╌╌╌╌╌╌╌╌╌╌╌╌╌╌╌╌╌╌╌╌╌╌╌╌╌╌╌╌╌┼╌╌╌╌╌╌╌╌┤
│ 最新 ┆ netease/exhigh/范特西/双截棍.mp3  ┆ 1 天前 │
╰──────┴───────────────────────────────────┴────────╯
