---
source: crates/mineral-cli/src/subcommands/cache/render.rs
description: "cache status --detail:逐条清单 + 按音质分布"
expression: out
---
╭──────┬──────────────────────────────────────────────╮
│ 缓存 ┆ 状态                                         │
╞══════╪══════════════════════════════════════════════╡
│ 音频 ┆ 66.0 MiB / 10.0 GiB  [░░░░░░░░░░] 0%  · 3 条 │
├╌╌╌╌╌╌┼╌╌╌╌╌╌╌╌╌╌╌╌╌╌╌╌╌╌╌╌╌╌╌╌╌╌╌╌╌╌╌╌╌╌╌╌╌╌╌╌╌╌╌╌╌╌┤
│ 封面 ┆ 0 B / 1.0 GiB  [░░░░░░░░░░] 0%  · 0 条       │
├╌╌╌╌╌╌┼╌╌╌╌╌╌╌╌╌╌╌╌╌╌╌╌╌╌╌╌╌╌╌╌╌╌╌╌╌╌╌╌╌╌╌╌╌╌╌╌╌╌╌╌╌╌┤
│ 歌单 ┆ 0 个歌单 · 0 曲目                            │
╰──────┴──────────────────────────────────────────────╯
▸ 分格式
╭──────┬──────┬──────────╮
│ 格式 ┆ 条数 ┆ 大小     │
╞══════╪══════╪══════════╡
│ flac ┆ 2    ┆ 58.0 MiB │
├╌╌╌╌╌╌┼╌╌╌╌╌╌┼╌╌╌╌╌╌╌╌╌╌┤
│ mp3  ┆ 1    ┆ 8.0 MiB  │
╰──────┴──────┴──────────╯
▸ 最旧 / 最新
╭──────┬─────────────────────────────────────────┬────────╮
│      ┆ 条目                                    ┆ 时间   │
╞══════╪═════════════════════════════════════════╪════════╡
│ 最旧 ┆ netease/lossless/十一月的萧邦/夜曲.flac ┆ 9 天前 │
├╌╌╌╌╌╌┼╌╌╌╌╌╌╌╌╌╌╌╌╌╌╌╌╌╌╌╌╌╌╌╌╌╌╌╌╌╌╌╌╌╌╌╌╌╌╌╌╌┼╌╌╌╌╌╌╌╌┤
│ 最新 ┆ netease/exhigh/范特西/双截棍.mp3        ┆ 1 天前 │
╰──────┴─────────────────────────────────────────┴────────╯
▸ 按音质
╭──────────┬──────┬──────────╮
│ 音质     ┆ 条数 ┆ 大小     │
╞══════════╪══════╪══════════╡
│ exhigh   ┆ 1    ┆ 8.0 MiB  │
├╌╌╌╌╌╌╌╌╌╌┼╌╌╌╌╌╌┼╌╌╌╌╌╌╌╌╌╌┤
│ lossless ┆ 2    ┆ 58.0 MiB │
╰──────────┴──────┴──────────╯
▸ 逐条
╭────────┬──────────┬──────┬──────────┬────────╮
│ 标题   ┆ 音质     ┆ 格式 ┆ 大小     ┆ 入库   │
╞════════╪══════════╪══════╪══════════╪════════╡
│ 晴天   ┆ lossless ┆ flac ┆ 30.0 MiB ┆ 5 天前 │
├╌╌╌╌╌╌╌╌┼╌╌╌╌╌╌╌╌╌╌┼╌╌╌╌╌╌┼╌╌╌╌╌╌╌╌╌╌┼╌╌╌╌╌╌╌╌┤
│ 夜曲   ┆ lossless ┆ flac ┆ 28.0 MiB ┆ 9 天前 │
├╌╌╌╌╌╌╌╌┼╌╌╌╌╌╌╌╌╌╌┼╌╌╌╌╌╌┼╌╌╌╌╌╌╌╌╌╌┼╌╌╌╌╌╌╌╌┤
│ 双截棍 ┆ exhigh   ┆ mp3  ┆ 8.0 MiB  ┆ 1 天前 │
╰────────┴──────────┴──────┴──────────┴────────╯
