---
source: crates/mineral-cli/src/subcommands/cache/render.rs
description: "cache reset 计划态:目标清单 + --yes 确认提示"
expression: out
---
╭──────────────────────┬───────────┬─────────────╮
│ target               ┆ type      ┆ result      │
╞══════════════════════╪═══════════╪═════════════╡
│ /data/mineral.db     ┆ db file   ┆ will delete │
├╌╌╌╌╌╌╌╌╌╌╌╌╌╌╌╌╌╌╌╌╌╌┼╌╌╌╌╌╌╌╌╌╌╌┼╌╌╌╌╌╌╌╌╌╌╌╌╌┤
│ /data/mineral.db-wal ┆ db file   ┆ will delete │
├╌╌╌╌╌╌╌╌╌╌╌╌╌╌╌╌╌╌╌╌╌╌┼╌╌╌╌╌╌╌╌╌╌╌┼╌╌╌╌╌╌╌╌╌╌╌╌╌┤
│ /cache/audio         ┆ cache dir ┆ will delete │
╰──────────────────────┴───────────┴─────────────╯
Dry run. Stop the daemon first, then run with --yes (play stats / favorites / history will be lost).
