---
source: crates/mineral-cli/src/subcommands/cache/render.rs
description: "cache status --detail:逐条清单 + 按音质分布"
expression: out
---
╭──────────┬─────────────────────────────────────────────────╮
│ cache    ┆ status                                          │
╞══════════╪═════════════════════════════════════════════════╡
│ audio    ┆ 66.0 MiB / 10.0 GiB  [░░░░░░░░░░] 0%  · 3 items │
├╌╌╌╌╌╌╌╌╌╌┼╌╌╌╌╌╌╌╌╌╌╌╌╌╌╌╌╌╌╌╌╌╌╌╌╌╌╌╌╌╌╌╌╌╌╌╌╌╌╌╌╌╌╌╌╌╌╌╌╌┤
│ cover    ┆ 0 B / 1.0 GiB  [░░░░░░░░░░] 0%  · 0 items       │
├╌╌╌╌╌╌╌╌╌╌┼╌╌╌╌╌╌╌╌╌╌╌╌╌╌╌╌╌╌╌╌╌╌╌╌╌╌╌╌╌╌╌╌╌╌╌╌╌╌╌╌╌╌╌╌╌╌╌╌╌┤
│ playlist ┆ 0 playlists · 0 tracks                          │
╰──────────┴─────────────────────────────────────────────────╯
▸ by format
╭────────┬───────┬──────────╮
│ format ┆ items ┆ size     │
╞════════╪═══════╪══════════╡
│ flac   ┆ 2     ┆ 58.0 MiB │
├╌╌╌╌╌╌╌╌┼╌╌╌╌╌╌╌┼╌╌╌╌╌╌╌╌╌╌┤
│ mp3    ┆ 1     ┆ 8.0 MiB  │
╰────────┴───────┴──────────╯
▸ oldest / newest
╭────────┬─────────────────────────────────────────┬─────────╮
│        ┆ entry                                   ┆ age     │
╞════════╪═════════════════════════════════════════╪═════════╡
│ oldest ┆ netease/lossless/十一月的萧邦/夜曲.flac ┆ 9 d ago │
├╌╌╌╌╌╌╌╌┼╌╌╌╌╌╌╌╌╌╌╌╌╌╌╌╌╌╌╌╌╌╌╌╌╌╌╌╌╌╌╌╌╌╌╌╌╌╌╌╌╌┼╌╌╌╌╌╌╌╌╌┤
│ newest ┆ netease/exhigh/范特西/双截棍.mp3        ┆ 1 d ago │
╰────────┴─────────────────────────────────────────┴─────────╯
▸ by quality
╭──────────┬───────┬──────────╮
│ quality  ┆ items ┆ size     │
╞══════════╪═══════╪══════════╡
│ exhigh   ┆ 1     ┆ 8.0 MiB  │
├╌╌╌╌╌╌╌╌╌╌┼╌╌╌╌╌╌╌┼╌╌╌╌╌╌╌╌╌╌┤
│ lossless ┆ 2     ┆ 58.0 MiB │
╰──────────┴───────┴──────────╯
▸ details
╭────────┬──────────┬────────┬──────────┬─────────╮
│ title  ┆ quality  ┆ format ┆ size     ┆ added   │
╞════════╪══════════╪════════╪══════════╪═════════╡
│ 晴天   ┆ lossless ┆ flac   ┆ 30.0 MiB ┆ 5 d ago │
├╌╌╌╌╌╌╌╌┼╌╌╌╌╌╌╌╌╌╌┼╌╌╌╌╌╌╌╌┼╌╌╌╌╌╌╌╌╌╌┼╌╌╌╌╌╌╌╌╌┤
│ 夜曲   ┆ lossless ┆ flac   ┆ 28.0 MiB ┆ 9 d ago │
├╌╌╌╌╌╌╌╌┼╌╌╌╌╌╌╌╌╌╌┼╌╌╌╌╌╌╌╌┼╌╌╌╌╌╌╌╌╌╌┼╌╌╌╌╌╌╌╌╌┤
│ 双截棍 ┆ exhigh   ┆ mp3    ┆ 8.0 MiB  ┆ 1 d ago │
╰────────┴──────────┴────────┴──────────┴─────────╯
