---
source: crates/mineral-model/src/lyrics/lrc.rs
description: "真实 LRC:metadata 跳过、多时间戳展开、CJK、厘秒"
expression: parse_lrc(s)
---
[
    LyricLine {
        time_ms: Some(
            0,
        ),
        kind: Plain(
            "迷星叫",
        ),
        translation: None,
        romanization: None,
    },
    LyricLine {
        time_ms: Some(
            12500,
        ),
        kind: Plain(
            "壱雫空",
        ),
        translation: None,
        romanization: None,
    },
    LyricLine {
        time_ms: Some(
            15200,
        ),
        kind: Plain(
            "碧天伴走",
        ),
        translation: None,
        romanization: None,
    },
    LyricLine {
        time_ms: Some(
            48300,
        ),
        kind: Plain(
            "碧天伴走",
        ),
        translation: None,
        romanization: None,
    },
    LyricLine {
        time_ms: Some(
            60999,
        ),
        kind: Plain(
            "名無声",
        ),
        translation: None,
        romanization: None,
    },
]
