---
source: crates/mineral-tui/src/components/layout/browse/sidebar/playlists.rs
description: "歌单列表:搜索输入态(标题 /春日影█)"
expression: t.backend()
---
"╭ playlists /春日影 ───────────────────╮" Hidden by multi-width symbols: [(14, " "), (16, " "), (18, " ")]
"│                                      │"
"│                无匹配                │" Hidden by multi-width symbols: [(18, " "), (20, " "), (22, " ")]
"│                                      │"
"│                                      │"
"│                                      │"
"│                                      │"
"│                                      │"
"│                                      │"
"│                                      │"
"│                                      │"
"╰ 0 / 0 ───────────────────────────────╯"
