---
source: crates/mineral-tui/src/components/popup/queue/overlay.rs
description: "队列浮层底栏:左下 n/total,右下 剩余曲目·时长→预计播完钟点"
expression: t.backend()
---
"                                                                                                                                                                "
"╭ queue ────────────────────────────────────────────────╮                                                                                                       "
"│    #   title                   artist           len   │                                                                                                       "
"│▌   ▶   LoveLetterTypewriter    Mineral          3:45  │                                                                                                       "
"│    1   Palisade                Mineral          4:31  │                                                                                                       "
"│    2   Gjs                     Mineral          4:46  │                                                                                                       "
"│    3   Unfinished              Mineral          6:07  │                                                                                                       "
"│                                                       │                                                                                                       "
"│                                                       │                                                                                                       "
"│                                                       │                                                                                                       "
"│                                                       │                                                                                                       "
"│                                                       │                                                                                                       "
"│                                                       │                                                                                                       "
"│                                                       │                                                                                                       "
"│                                                       │                                                                                                       "
"│                                                       │                                                                                                       "
"│                                                       │                                                                                                       "
"│                                                       │                                                                                                       "
"│                                                       │                                                                                                       "
"│                                                       │                                                                                                       "
"│                                                       │                                                                                                       "
"│                                                       │                                                                                                       "
"│                                                       │                                                                                                       "
"╰ 1 / 4 ────────────────────────── 4 left · 19m → 15:03 ╯                                                                                                       "
