---
source: crates/mineral-tui/src/components/popup/queue/overlay.rs
assertion_line: 540
description: "队列浮层:窄浮层退到 Song 档(只剩歌名,无 artist)"
expression: t.backend()
---
"                                                            "
"╭ queue ────────────╮                                       "
"│    title    len   │                                       "
"│▌   LoveLett 3:45  │                                       "
"│    Palisade 4:31  │                                       "
"│    Gjs      4:46  │                                       "
"│                   │                                       "
"│                   │                                       "
"│                   │                                       "
"│                   │                                       "
"│                   │                                       "
"│                   │                                       "
"│                   │                                       "
"│                   │                                       "
"│                   │                                       "
"│                   │                                       "
"│                   │                                       "
"│                   │                                       "
"│                   │                                       "
"╰ 1 / 3 ────────────╯                                       "
