---
source: crates/mineral-tui/src/components/popup/queue/overlay.rs
description: "队列浮层:全屏布局停靠右半(避开左侧封面)"
expression: t.backend()
---
"                                                                                                    "
"                                                                ╭ queue ───────────────────────────╮"
"                                                                │    #   title               len   │"
"                                                                │▌   0   LoveLetterTypewrite 3:45  │"
"                                                                │    ▶   Palisade            4:31  │"
"                                                                │    2   Gjs                 4:46  │"
"                                                                │                                  │"
"                                                                │                                  │"
"                                                                │                                  │"
"                                                                │                                  │"
"                                                                │                                  │"
"                                                                │                                  │"
"                                                                │                                  │"
"                                                                │                                  │"
"                                                                │                                  │"
"                                                                │                                  │"
"                                                                │                                  │"
"                                                                │                                  │"
"                                                                │                                  │"
"                                                                │                                  │"
"                                                                │                                  │"
"                                                                │                                  │"
"                                                                │                                  │"
"                                                                ╰ 1 / 3 ───────────────────────────╯"
