---
source: crates/mineral-tui/src/components/popup/queue/overlay.rs
description: "队列浮层:♥ 列——第 0/2 首已收藏画实心,第 1 首(在播)未收藏留空"
expression: t.backend()
---
"                                                                                                    "
"╭ queue ───────────────────────────╮                                                                "
"│    #   title               len   │                                                                "
"│▌ ♥ 0   LoveLetterTypewrite 3:45  │                                                                "
"│    ▶   Palisade            4:31  │                                                                "
"│  ♥ 2   Gjs                 4:46  │                                                                "
"│                                  │                                                                "
"│                                  │                                                                "
"│                                  │                                                                "
"│                                  │                                                                "
"│                                  │                                                                "
"│                                  │                                                                "
"│                                  │                                                                "
"│                                  │                                                                "
"│                                  │                                                                "
"│                                  │                                                                "
"│                                  │                                                                "
"│                                  │                                                                "
"│                                  │                                                                "
"│                                  │                                                                "
"│                                  │                                                                "
"│                                  │                                                                "
"│                                  │                                                                "
"╰ 1 / 3 ───────────────────────────╯                                                                "
