---
source: crates/mineral-tui/src/components/popup/queue/overlay.rs
description: "队列浮层:过滤无命中——居中占位"
expression: t.backend()
---
"                                                                                                    "
"╭ queue /zzzzz─────────────────────╮                                                                "
"│                                  │                                                                "
"│                                  │                                                                "
"│                                  │                                                                "
"│                                  │                                                                "
"│                                  │                                                                "
"│                                  │                                                                "
"│                                  │                                                                "
"│                                  │                                                                "
"│                                  │                                                                "
"│                                  │                                                                "
"│        no match for /zzzzz       │                                                                "
"│                                  │                                                                "
"│                                  │                                                                "
"│                                  │                                                                "
"│                                  │                                                                "
"│                                  │                                                                "
"│                                  │                                                                "
"│                                  │                                                                "
"│                                  │                                                                "
"│                                  │                                                                "
"│                                  │                                                                "
"╰ 0 / 0 ───────────────────────────╯                                                                "
