---
source: crates/mineral-tui/src/components/popup/queue/overlay.rs
assertion_line: 590
description: "队列浮层:宽浮层 Wide 档 album 列有内容(短英文/长英文/CJK)"
expression: t.backend()
---
"                                                                                                                                                                          "
"╭ queue ────────────────────────────────────────────────────╮                                                                                                             "
"│    title                artist        album         len   │                                                                                                             "
"│▌   Bones                HONNE         no song       3:30  │                                                                                                             "
"│    Location Unknown     HONNE         Warm on a Col 3:30  │                                                                                                             "
"│    无                   草东没有派对  丑奴儿        3:30  │                                                                                                             " Hidden by multi-width symbols: [(6, " "), (27, " "), (29, " "), (31, " "), (33, " "), (35, " "), (37, " "), (41, " "), (43, " "), (45, " ")]
"│                                                           │                                                                                                             "
"│                                                           │                                                                                                             "
"│                                                           │                                                                                                             "
"│                                                           │                                                                                                             "
"│                                                           │                                                                                                             "
"│                                                           │                                                                                                             "
"│                                                           │                                                                                                             "
"│                                                           │                                                                                                             "
"│                                                           │                                                                                                             "
"│                                                           │                                                                                                             "
"│                                                           │                                                                                                             "
"│                                                           │                                                                                                             "
"│                                                           │                                                                                                             "
"│                                                           │                                                                                                             "
"│                                                           │                                                                                                             "
"│                                                           │                                                                                                             "
"│                                                           │                                                                                                             "
"╰ 1 / 3 ────────────────────────────────────────────────────╯                                                                                                             "
