---
source: crates/mineral-tui/src/components/popup/queue/overlay.rs
description: "队列浮层:歌名带译名别名,标题后缀暗色 (alias)"
expression: t.backend()
---
"                                                                                                    "
"╭ queue ───────────────────────────╮                                                                "
"│    #   title               len   │                                                                "
"│▌   0   迷星叫 (Mayoiuta)   3:31  │                                                                " Hidden by multi-width symbols: [(10, " "), (12, " "), (14, " ")]
"│    ▶   Palisade            4:31  │                                                                "
"│    2   Gjs                 4:46  │                                                                "
"│                                  │                                                                "
"│                                  │                                                                "
"│                                  │                                                                "
"│                                  │                                                                "
"│                                  │                                                                "
"│                                  │                                                                "
"│                                  │                                                                "
"│                                  │                                                                "
"│                                  │                                                                "
"│                                  │                                                                "
"│                                  │                                                                "
"│                                  │                                                                "
"│                                  │                                                                "
"│                                  │                                                                "
"│                                  │                                                                "
"│                                  │                                                                "
"│                                  │                                                                "
"╰ 1 / 3 ───────────────────────────╯                                                                "
