---
source: crates/mineral-tui/src/components/popup/queue/overlay.rs
description: "队列浮层:宽浮层 Wide 档 album 列有内容(短英文/长英文/CJK)"
expression: t.backend()
---
"                                                                                                                                                                          "
"╭ queue ────────────────────────────────────────────────────╮                                                                                                             "
"│    #   title              artist       album        len   │                                                                                                             "
"│▌   0   Bones              HONNE        no song      3:30  │                                                                                                             "
"│    1   Location Unknown   HONNE        Warm on a Co 3:30  │                                                                                                             "
"│    2   无                 草东没有派对 丑奴儿       3:30  │                                                                                                             " Hidden by multi-width symbols: [(10, " "), (29, " "), (31, " "), (33, " "), (35, " "), (37, " "), (39, " "), (42, " "), (44, " "), (46, " ")]
"│                                                           │                                                                                                             "
"│                                                           │                                                                                                             "
"│                                                           │                                                                                                             "
"│                                                           │                                                                                                             "
"│                                                           │                                                                                                             "
"│                                                           │                                                                                                             "
"│                                                           │                                                                                                             "
"│                                                           │                                                                                                             "
"│                                                           │                                                                                                             "
"│                                                           │                                                                                                             "
"│                                                           │                                                                                                             "
"│                                                           │                                                                                                             "
"│                                                           │                                                                                                             "
"│                                                           │                                                                                                             "
"│                                                           │                                                                                                             "
"│                                                           │                                                                                                             "
"│                                                           │                                                                                                             "
"╰ 1 / 3 ────────────────────────────────────────────────────╯                                                                                                             "
