---
source: crates/mineral-tui/src/components/popup/queue/overlay.rs
description: "队列浮层:/al 过滤——命中行高亮 + 按分排序 + 顶栏 /al 输入 + 底栏命中位/数"
expression: t.backend()
---
"                                                                                                    "
"╭ queue /al────────────────────────╮                                                                "
"│    #   title               len   │                                                                "
"│▌   0   alpha               -:--  │                                                                "
"│    3   alba                -:--  │                                                                "
"│                                  │                                                                "
"│                                  │                                                                "
"│                                  │                                                                "
"│                                  │                                                                "
"│                                  │                                                                "
"│                                  │                                                                "
"│                                  │                                                                "
"│                                  │                                                                "
"│                                  │                                                                "
"│                                  │                                                                "
"│                                  │                                                                "
"│                                  │                                                                "
"│                                  │                                                                "
"│                                  │                                                                "
"│                                  │                                                                "
"│                                  │                                                                "
"│                                  │                                                                "
"│                                  │                                                                "
"╰ 1 / 2 ───────────────────────────╯                                                                "
