---
source: crates/mineral-tui/src/components/popup/queue/overlay.rs
assertion_line: 642
description: "队列浮层:贴边滑入(scale=505)前沿 1/8 八分块平滑"
expression: t.backend()
---
"                                                                                "
"─────────────╮▏                                                                 "
"       len   │▏                                                                 "
"rTypew 3:45  │▏                                                                 "
"       4:31  │▏                                                                 "
"       4:46  │▏                                                                 "
"             │▏                                                                 "
"             │▏                                                                 "
"             │▏                                                                 "
"             │▏                                                                 "
"             │▏                                                                 "
"             │▏                                                                 "
"             │▏                                                                 "
"             │▏                                                                 "
"             │▏                                                                 "
"             │▏                                                                 "
"             │▏                                                                 "
"             │▏                                                                 "
"             │▏                                                                 "
"             │▏                                                                 "
"             │▏                                                                 "
"             │▏                                                                 "
"             │▏                                                                 "
"─────────────╯▏                                                                 "
