---
source: crates/mineral-tui/src/components/popup/queue/overlay.rs
assertion_line: 446
description: "队列浮层:EndSerenading 前 3 曲,当前在播(下划线)+ 聚焦"
expression: t.backend()
---
"                                                                                                    "
"╭ queue ───────────────────────────╮                                                                "
"│    title                   len   │                                                                "
"│▌   LoveLetterTypewriter    3:45  │                                                                "
"│    Palisade                4:31  │                                                                "
"│    Gjs                     4:46  │                                                                "
"│                                  │                                                                "
"│                                  │                                                                "
"│                                  │                                                                "
"│                                  │                                                                "
"│                                  │                                                                "
"│                                  │                                                                "
"│                                  │                                                                "
"│                                  │                                                                "
"│                                  │                                                                "
"│                                  │                                                                "
"│                                  │                                                                "
"│                                  │                                                                "
"│                                  │                                                                "
"│                                  │                                                                "
"│                                  │                                                                "
"│                                  │                                                                "
"│                                  │                                                                "
"╰ 1 / 3 ───────────────────────────╯                                                                "
