---
source: crates/mineral-tui/src/components/popup/queue/overlay.rs
description: "队列浮层:EndSerenading 前 3 曲,当前在播(▶)+ 聚焦"
expression: t.backend()
---
"                                                                                                    "
"╭ queue ───────────────────────────╮                                                                "
"│    #   title               len   │                                                                "
"│▌   0   LoveLetterTypewrite 3:45  │                                                                "
"│    ▶   Palisade            4:31  │                                                                "
"│    2   Gjs                 4:46  │                                                                "
"│                                  │                                                                "
"│                                  │                                                                "
"│                                  │                                                                "
"│                                  │                                                                "
"│                                  │                                                                "
"│                                  │                                                                "
"│                                  │                                                                "
"│                                  │                                                                "
"│                                  │                                                                "
"│                                  │                                                                "
"│                                  │                                                                "
"│                                  │                                                                "
"│                                  │                                                                "
"│                                  │                                                                "
"│                                  │                                                                "
"│                                  │                                                                "
"│                                  │                                                                "
"╰ 1 / 3 ───────────────────────────╯                                                                "
