---
source: crates/mineral-tui/src/components/toast/card.rs
description: "卡片 SlideInRight 中途:纯色空壳自右缘向左滑入,左缘八分块平滑"
expression: t.backend()
---
"                                                                                "
"                                                    ▌██████████████████████████ "
"                                                    ▌██████████████████████████ "
"                                                    ▌██████████████████████████ "
"                                                    ▌██████████████████████████ "
"                                                                                "
"                                                                                "
"                                                                                "
"                                                                                "
"                                                                                "
