---
source: crates/mineral-tui/src/view/frame.rs
description: "Search 焦点环滑动中途:accent 浮动边框悬在 prompt 与 results 之间,两面板边框压暗"
expression: t.backend()
---
"╭search────────────────────────────────────────────────────────────────────────╮"
"│ ♫ netease   ♪ songs                                                          │"
"┌────────────────────────────────────────────────────┐─────────────────────────╯"
"│results─────────────────────╮╭detail────────────────│─────────────────────────╮"
"│                            ││                      │                         │"
"│                            ││                      │                         │"
"│                            ││                      │                         │"
"│                            ││                      │                         │"
"│                            ││                      │                         │"
"│                            ││                      │                         │"
"│                            ││                      │                         │"
"└────────────────────────────────────────────────────┘                         │"
"│                            ││                                                │"
"│                            ││                                                │"
"│                            ││                                                │"
"│                            ││                                                │"
"│                            ││                                                │"
"│                            ││                                                │"
"╰────────────────────────────╯╰────────────────────────────────────────────────╯"
"╭ transport ─────────────────────────────────────────────────────────────fmt — ╮"
"│                                       —                                      │"
"│                                       ·                                      │"
"│●─────────────────────────────────────────────────────────────────────────────│"
"╰ 0:00 ────────────────────────────────────────────────────────────────── -:-- ╯"
