---
source: crates/mineral-tui/src/view/frame.rs
description: Search 形变中途：文字固定排版淡化交接，prompt 淡入，播放栏持续移动
expression: t.backend()
---
"                    ╭search─────────────────────────────────╮                   "
"                    ╰───────────────────────────────────────╯                   "
"╭results─────────────────────────────────╮╭detail──────────────────────────────╮"
"│                                        ││                                    │"
"│                                        ││                                    │"
"│                                        ││                                    │"
"│                                        ││                                    │"
"│                                        ││                                    │"
"│                                        ││                                    │"
"│                                        ││                                    │"
"│                                        ││                                    │"
"│                                        ││                                    │"
"│                                        ││                                    │"
"│                                        ││                                    │"
"│                                        ││                                    │"
"│                                        ││                                    │"
"╰────────────────────────────────────────╯╰───────╭──────────────────╮─────────╯"
"          ╭──────────────────╮                    ╰──────────────────╯          "
"          │                  │                                                  "
"          │         ╭ transport ─────────────────────────────────────────fmt — ╮"
"          ╰─────────│                   LoveLetterTypewriter                   │"
"                    │                        Mineral ·                         │"
"                    │●─────────────────────────────────────────────────────────│"
"                    ╰ 0:00 ────────────────────────────────────────────── 3:45 ╯"
