---
source: crates/mineral-config/src/loader/pipeline.rs
description: 默认配置全量(default.lua → Config)
expression: "format!(\"{cfg:#?}\")"
---
Config {
    tui: TuiConfig {
        theme: ThemeConfig {
            base: HexColor {
                r: 30,
                g: 30,
                b: 46,
            },
            mantle: HexColor {
                r: 24,
                g: 24,
                b: 37,
            },
            crust: HexColor {
                r: 17,
                g: 17,
                b: 27,
            },
            surface0: HexColor {
                r: 49,
                g: 50,
                b: 68,
            },
            surface1: HexColor {
                r: 69,
                g: 71,
                b: 90,
            },
            overlay: HexColor {
                r: 108,
                g: 112,
                b: 134,
            },
            subtext: HexColor {
                r: 166,
                g: 173,
                b: 200,
            },
            text: HexColor {
                r: 205,
                g: 214,
                b: 244,
            },
            accent: HexColor {
                r: 203,
                g: 166,
                b: 247,
            },
            accent_2: HexColor {
                r: 116,
                g: 199,
                b: 236,
            },
            red: HexColor {
                r: 243,
                g: 139,
                b: 168,
            },
            yellow: HexColor {
                r: 249,
                g: 226,
                b: 175,
            },
            green: HexColor {
                r: 166,
                g: 227,
                b: 161,
            },
            peach: HexColor {
                r: 250,
                g: 179,
                b: 135,
            },
            search_hit: SearchHitConfig {
                color: Token(
                    TokenName {
                        name: "peach",
                    },
                ),
                modifiers: [
                    Bold,
                    Underline,
                    Italic,
                ],
            },
        },
        keys: KeysConfig {
            play_pause: KeyBinding {
                chords: [
                    KeyChord {
                        key: Char(
                            ' ',
                        ),
                        shift: false,
                        ctrl: false,
                    },
                ],
            },
            next: KeyBinding {
                chords: [
                    KeyChord {
                        key: Char(
                            'n',
                        ),
                        shift: false,
                        ctrl: false,
                    },
                ],
            },
            prev: KeyBinding {
                chords: [
                    KeyChord {
                        key: Char(
                            'p',
                        ),
                        shift: false,
                        ctrl: false,
                    },
                ],
            },
            toggle_fullscreen: KeyBinding {
                chords: [
                    KeyChord {
                        key: Char(
                            'z',
                        ),
                        shift: false,
                        ctrl: false,
                    },
                ],
            },
            open_search: KeyBinding {
                chords: [
                    KeyChord {
                        key: Char(
                            's',
                        ),
                        shift: false,
                        ctrl: false,
                    },
                ],
            },
            open_queue: KeyBinding {
                chords: [
                    KeyChord {
                        key: Tab,
                        shift: false,
                        ctrl: false,
                    },
                ],
            },
            quit: KeyBinding {
                chords: [
                    KeyChord {
                        key: Char(
                            'q',
                        ),
                        shift: false,
                        ctrl: false,
                    },
                ],
            },
            open_help: KeyBinding {
                chords: [
                    KeyChord {
                        key: Char(
                            '?',
                        ),
                        shift: false,
                        ctrl: false,
                    },
                ],
            },
            cycle_lyric: KeyBinding {
                chords: [
                    KeyChord {
                        key: Char(
                            't',
                        ),
                        shift: false,
                        ctrl: false,
                    },
                ],
            },
            enter_search: KeyBinding {
                chords: [
                    KeyChord {
                        key: Char(
                            '/',
                        ),
                        shift: false,
                        ctrl: false,
                    },
                ],
            },
            activate: KeyBinding {
                chords: [
                    KeyChord {
                        key: Char(
                            'l',
                        ),
                        shift: false,
                        ctrl: false,
                    },
                    KeyChord {
                        key: Enter,
                        shift: false,
                        ctrl: false,
                    },
                ],
            },
            back: KeyBinding {
                chords: [
                    KeyChord {
                        key: Char(
                            'h',
                        ),
                        shift: false,
                        ctrl: false,
                    },
                    KeyChord {
                        key: Esc,
                        shift: false,
                        ctrl: false,
                    },
                    KeyChord {
                        key: Backspace,
                        shift: false,
                        ctrl: false,
                    },
                    KeyChord {
                        key: Char(
                            'h',
                        ),
                        shift: false,
                        ctrl: true,
                    },
                ],
            },
            drill_into: KeyBinding {
                chords: [
                    KeyChord {
                        key: Char(
                            'l',
                        ),
                        shift: false,
                        ctrl: true,
                    },
                ],
            },
            cycle_detail_section: KeyBinding {
                chords: [
                    KeyChord {
                        key: Char(
                            '[',
                        ),
                        shift: false,
                        ctrl: false,
                    },
                    KeyChord {
                        key: Char(
                            ']',
                        ),
                        shift: false,
                        ctrl: false,
                    },
                ],
            },
            cycle_mode: KeyBinding {
                chords: [
                    KeyChord {
                        key: Char(
                            'm',
                        ),
                        shift: false,
                        ctrl: false,
                    },
                ],
            },
            volume_up: KeyBinding {
                chords: [
                    KeyChord {
                        key: Char(
                            '+',
                        ),
                        shift: false,
                        ctrl: false,
                    },
                    KeyChord {
                        key: Char(
                            '=',
                        ),
                        shift: false,
                        ctrl: false,
                    },
                ],
            },
            volume_down: KeyBinding {
                chords: [
                    KeyChord {
                        key: Char(
                            '-',
                        ),
                        shift: false,
                        ctrl: false,
                    },
                    KeyChord {
                        key: Char(
                            '_',
                        ),
                        shift: false,
                        ctrl: false,
                    },
                ],
            },
            seek_forward: KeyBinding {
                chords: [
                    KeyChord {
                        key: Right,
                        shift: false,
                        ctrl: false,
                    },
                ],
            },
            seek_backward: KeyBinding {
                chords: [
                    KeyChord {
                        key: Left,
                        shift: false,
                        ctrl: false,
                    },
                ],
            },
            seek_forward_big: KeyBinding {
                chords: [
                    KeyChord {
                        key: Right,
                        shift: true,
                        ctrl: false,
                    },
                ],
            },
            seek_backward_big: KeyBinding {
                chords: [
                    KeyChord {
                        key: Left,
                        shift: true,
                        ctrl: false,
                    },
                ],
            },
            move_down: KeyBinding {
                chords: [
                    KeyChord {
                        key: Char(
                            'j',
                        ),
                        shift: false,
                        ctrl: false,
                    },
                    KeyChord {
                        key: Down,
                        shift: false,
                        ctrl: false,
                    },
                ],
            },
            move_up: KeyBinding {
                chords: [
                    KeyChord {
                        key: Char(
                            'k',
                        ),
                        shift: false,
                        ctrl: false,
                    },
                    KeyChord {
                        key: Up,
                        shift: false,
                        ctrl: false,
                    },
                ],
            },
            move_down_big: KeyBinding {
                chords: [
                    KeyChord {
                        key: Char(
                            'J',
                        ),
                        shift: false,
                        ctrl: false,
                    },
                ],
            },
            move_up_big: KeyBinding {
                chords: [
                    KeyChord {
                        key: Char(
                            'K',
                        ),
                        shift: false,
                        ctrl: false,
                    },
                ],
            },
            move_first: KeyBinding {
                chords: [
                    KeyChord {
                        key: Char(
                            'g',
                        ),
                        shift: false,
                        ctrl: false,
                    },
                ],
            },
            move_last: KeyBinding {
                chords: [
                    KeyChord {
                        key: Char(
                            'G',
                        ),
                        shift: false,
                        ctrl: false,
                    },
                ],
            },
            love: KeyBinding {
                chords: [
                    KeyChord {
                        key: Char(
                            'f',
                        ),
                        shift: false,
                        ctrl: false,
                    },
                ],
            },
            download: KeyBinding {
                chords: [
                    KeyChord {
                        key: Char(
                            'd',
                        ),
                        shift: false,
                        ctrl: false,
                    },
                ],
            },
            dismiss_notice: KeyBinding {
                chords: [
                    KeyChord {
                        key: Char(
                            'x',
                        ),
                        shift: false,
                        ctrl: false,
                    },
                ],
            },
            open_action_menu: KeyBinding {
                chords: [
                    KeyChord {
                        key: Char(
                            'o',
                        ),
                        shift: false,
                        ctrl: false,
                    },
                ],
            },
            open_copy_menu: KeyBinding {
                chords: [
                    KeyChord {
                        key: Char(
                            'y',
                        ),
                        shift: false,
                        ctrl: false,
                    },
                ],
            },
            scroll_line_down: KeyBinding {
                chords: [
                    KeyChord {
                        key: Char(
                            'd',
                        ),
                        shift: false,
                        ctrl: true,
                    },
                ],
            },
            scroll_line_up: KeyBinding {
                chords: [
                    KeyChord {
                        key: Char(
                            'u',
                        ),
                        shift: false,
                        ctrl: true,
                    },
                ],
            },
            scroll_page_down: KeyBinding {
                chords: [
                    KeyChord {
                        key: Char(
                            'f',
                        ),
                        shift: false,
                        ctrl: true,
                    },
                ],
            },
            scroll_page_up: KeyBinding {
                chords: [
                    KeyChord {
                        key: Char(
                            'b',
                        ),
                        shift: false,
                        ctrl: true,
                    },
                ],
            },
            script: {},
        },
        behavior: BehaviorConfig {
            volume_step: 5,
            seek_step_secs: 5,
            seek_big_step_secs: 30,
            list_jump_rows: 7,
            scrolloff: 3,
            line_scroll_rows: 1,
            page_scroll_rows: 15,
            search_prefetch_rows: 8,
            kill_spawned_daemon_on_exit: true,
            remember_track_pos: Session,
        },
        spectrum: SpectrumConfig {
            fft_size: 4096,
            f_min: 20.0,
            f_max: 20000.0,
            log_axis_blend: 0.92,
            db_floor: -65.0,
            db_ceil: -6.0,
            peak_mix: 0.5,
            show_peak_cap: true,
            show_trail: true,
            hue_rotate: true,
            spring_peak: true,
            baseline_min: 3,
            attack_ms: 50,
            decay_ms: 100,
            release_ms: 200,
            peak_hold_ms: 192,
            peak_fall_ms: 512,
            hue_cycle_ms: 30000,
            cover_fade_ms: 6000,
            cover_vshift_permille: 200,
            spring_stiffness: 0.35,
            spring_damping: 0.45,
        },
        cover: CoverConfig {
            http_timeout_secs: 30,
            max_dim: 384,
            jpeg_quality: 100,
            storage: Resized,
            debounce_ms: 80,
            download_workers: 12,
            encode_workers: 2,
            kmeans: KmeansConfig {
                sample_dim: 64,
                swatches: 6,
                seed: 1592639710,
                max_iter: 20,
                converge: 5.0,
                l_min: 8.0,
                l_max: 92.0,
                chroma_min: 8.0,
                min_valid_pixels_pct: 5,
            },
        },
        prefetch: PrefetchConfig {
            radius: 64,
            playback_cover_radius: 3,
            play_count_debounce_ms: 500,
            prewarm_ahead: 1,
        },
        search: SearchConfig {
            deep: true,
            deep_weights: DeepWeights {
                name: 0.6,
                artist: 0.5,
                album: 0.4,
            },
            locate_on_enter: true,
            sources: [
                "netease",
                "bilibili",
            ],
            kinds: [
                Song,
                Album,
                Artist,
                Playlist,
                User,
            ],
        },
        lyrics: LyricsConfig {
            fullscreen_line_gap: 1,
            compact_line_gap: 0,
            scroll_ms: 280,
            reattach_ms: 4000,
            overshoot_damping: 1,
            overshoot_max_permille: 6000,
        },
        animation: AnimationConfig {
            frame_tick_ms: 16,
            transition_ms: 288,
            sweep_ms: 288,
            list_scroll_ms: 280,
            fullscreen_ms: 288,
            popup_anim_ms: 288,
            toast_anim_ms: 288,
            focus_fade_ms: 288,
            search_focus_morph_ms: 240,
            view_sweep: Push,
            menu_reveal: Morph,
            search_focus_transition: Slide,
            spinner_frames: [
                "⠋",
                "⠙",
                "⠹",
                "⠸",
                "⠼",
                "⠴",
                "⠦",
                "⠧",
                "⠇",
                "⠏",
            ],
        },
        toast: ToastConfig {
            flash_ttl_secs: 4,
        },
        layout: LayoutConfig {
            min_full_width: 80,
            min_full_height: 24,
            fs_left_pct: 44,
            fs_spectrum_height: 14,
            fs_transport_height: 8,
            dock_w_pct: 36,
            menu_align: Right,
        },
        copy: CopyConfig {
            templates: [],
        },
        window_title: WindowTitleConfig {
            enabled: true,
            icons: TitleIcons {
                playing: "⏸",
                paused: "▶",
                idle: "■",
                disconnected: "⚠",
            },
            template: [
                StateIcon {
                    icon: true,
                },
                Field {
                    field: Title,
                    prefix: "",
                    suffix: "",
                    format: Preset(
                        Clock,
                    ),
                },
                Field {
                    field: Artist,
                    prefix: " — ",
                    suffix: "",
                    format: Preset(
                        Clock,
                    ),
                },
            ],
            idle: [
                StateIcon {
                    icon: true,
                },
                Literal {
                    text: "Mineral",
                },
            ],
            disconnected: [
                StateIcon {
                    icon: true,
                },
                Literal {
                    text: "Mineral",
                },
            ],
        },
    },
    audio: AudioConfig {
        volume: 100,
        backend: Auto,
        playback_quality: Exhigh,
        engine_tick_ms: 20,
        prefetch_bytes: 262144,
        tap_capacity: 8192,
    },
    cache: CacheConfig {
        audio_capacity: 10737418240,
        cover_capacity: 4294967296,
        cover_memory: 134217728,
        cover_protocol_memory: 67108864,
    },
    download: DownloadConfig {
        quality: Lossless,
        dir: None,
    },
    sources: SourcesConfig {
        netease: NeteaseSection {
            timeout_secs: 100,
            proxy: None,
            max_connections: 0,
            color: Hex(
                HexColor {
                    r: 157,
                    g: 41,
                    b: 40,
                },
            ),
        },
        bilibili: BilibiliSection {
            timeout_secs: 100,
            proxy: None,
            max_connections: 0,
            color: Hex(
                HexColor {
                    r: 255,
                    g: 140,
                    b: 176,
                },
            ),
        },
        mineral: MineralSection {
            color: Hex(
                HexColor {
                    r: 42,
                    g: 101,
                    b: 17,
                },
            ),
            backfill: BackfillSection {
                chunk_size: 40,
                max_concurrent: 3,
            },
        },
    },
    daemon: DaemonConfig {
        gapless_prefetch_ms: 10000,
        prev_restart_threshold_ms: 3000,
        player_tick_ms: 20,
        session_save_secs: 15,
        heartbeat_secs: 180,
        report_interval_ms: 200,
        seek_threshold_ms: 1000,
        download_speed_tick_ms: 150,
        channel_workers_per: 8,
    },
    script: ScriptConfig {
        watchdog_instruction_interval: 2000,
        watchdog_soft_wall_ms: 100,
        watchdog_hard_wall_ms: 1000,
        hook_timeout_ms: 2000,
        spawn_max_concurrent: 8,
    },
}
