---
source: crates/mineral-tui/src/components/layout/browse/spectrum/state.rs
description: "scope 示波器稳态(楔形正弦包络,Braille 跨中线右新左旧)"
expression: terminal.backend()
---
"╭ spectrum ────────────────────────────────────────────────────────────────────╮"
"│⣤⣤⣤⣀⣀⣀⣀⣀⡀                                                                     │"
"│⣿⣿⣿⣿⣿⣿⣿⣿⣿⣿⣿⣿⣿⣿⣶⣶⣶⣶⣶⣦⣤⣤⣤⣤⣤⣄⣀⣀⣀⣀⣀                                               │"
"│⣿⣿⣿⣿⣿⣿⣿⣿⣿⣿⣿⣿⣿⣿⣿⣿⣿⣿⣿⣿⣿⣿⣿⣿⣿⣿⣿⣿⣿⣿⣿⣿⣿⣿⣿⣿⣷⣶⣶⣶⣶⣶⣤⣤⣤⣤⣤⣄⣀⣀⣀⣀⣀                         │"
"│⣿⣿⣿⣿⣿⣿⣿⣿⣿⣿⣿⣿⣿⣿⣿⣿⣿⣿⣿⣿⣿⣿⣿⣿⣿⣿⣿⣿⣿⣿⣿⣿⣿⣿⣿⣿⣿⣿⣿⣿⣿⣿⣿⣿⣿⣿⣿⣿⣿⣿⣿⣿⣿⣿⣿⣿⣿⣿⣷⣶⣶⣶⣶⣶⣦⣤⣤⣤⣤⣤⣀⣀⣀⣀⣀⡀  │"
"│⣿⣿⣿⣿⣿⣿⣿⣿⣿⣿⣿⣿⣿⣿⣿⣿⣿⣿⣿⣿⣿⣿⣿⣿⣿⣿⣿⣿⣿⣿⣿⣿⣿⣿⣿⣿⣿⣿⣿⣿⣿⣿⣿⣿⣿⣿⣿⣿⣿⣿⣿⣿⣿⣿⣿⣿⣿⣿⣿⣿⣿⣿⣿⣿⡿⠿⠿⠿⠿⠿⠛⠛⠛⠛⠛⠋⠉⠉│"
"│⣿⣿⣿⣿⣿⣿⣿⣿⣿⣿⣿⣿⣿⣿⣿⣿⣿⣿⣿⣿⣿⣿⣿⣿⣿⣿⣿⣿⣿⣿⣿⣿⣿⣿⣿⣿⣿⣿⣿⣿⣿⣿⠿⠿⠿⠿⠿⠟⠛⠛⠛⠛⠛⠉⠉⠉⠉⠉⠁                   │"
"│⣿⣿⣿⣿⣿⣿⣿⣿⣿⣿⣿⣿⣿⣿⣿⣿⣿⣿⣿⡿⠿⠿⠿⠿⠿⠟⠛⠛⠛⠛⠛⠉⠉⠉⠉⠉⠁                                         │"
"│⠿⠿⠿⠛⠛⠛⠛⠛⠋⠉⠉⠉⠉⠉                                                                │"
"╰──────────────────────────────────────────────────────────────────────────────╯"
