---
source: crates/mineral-tui/src/components/spectrum.rs
description: "频谱无音频(idle baseline,占满宽度无起伏)"
expression: terminal.backend()
---
"╭ spectrum ────────────────────────────────────────────────────────────────────╮"
"│                                                                              │"
"│                                                                              │"
"│                                                                              │"
"│                                                                              │"
"│                                                                              │"
"│                                                                              │"
"│▂▂▂▂▂▂▂▂▂▂▂▂▂▂▂▂▂▂▂▂▂▂▂▂▂▂▂▂▂▂▂▂▂▂▂▂▂▂▂▂▂▂▂▂▂▂▂▂▂▂▂▂▂▂▂▂▂▂▂▂▂▂▂▂▂▂▂▂▂▂▂▂▂▂▂▂▂▂│"
"│20Hz                                                                     20kHz│"
"╰──────────────────────────────────────────────────────────────────────────────╯"
