---
source: crates/mineral-tui/src/components/spectrum.rs
description: "频谱静默基线(SpectrumState::new())"
expression: terminal.backend()
---
"╭ spectrum ────────────────────────────╮"
"│                                      │"
"│                                      │"
"│                                      │"
"│                                      │"
"│                                      │"
"│                                      │"
"│▂▂▂▂▂▂▂▂▂▂▂▂▂▂▂▂▂▂▂▂▂▂▂▂▂▂▂▂▂▂▂▂▂▂▂▂▂▂│"
"│20Hz                             20kHz│"
"╰──────────────────────────────────────╯"
